[mobirise.com/extensions/audiom4/band/index.html]
[mobirise.com/extensions/audiom4/assets/images/logo2.png]
[backblue.gif]
[fade.gif]
[index.html]
[mobirise.com/extensions/audiom4/assets/assets/mobirise-icons/mobirise-icons.css]
[mobirise.com/extensions/audiom4/assets/assets/mobirise-icons2/mobirise2.css]
[mobirise.com/extensions/audiom4/assets/tether/tether.min.css]
[mobirise.com/extensions/audiom4/assets/bootstrap/css/bootstrap.min.css]
[mobirise.com/extensions/audiom4/assets/bootstrap/css/bootstrap-grid.min.css]
[mobirise.com/extensions/audiom4/assets/bootstrap/css/bootstrap-reboot.min.css]
[mobirise.com/extensions/audiom4/assets/dropdown/css/style.css]
[mobirise.com/extensions/audiom4/assets/formstyler/jquery.formstyler.css]
[mobirise.com/extensions/audiom4/assets/formstyler/jquery.formstyler.theme.css]
[mobirise.com/extensions/audiom4/assets/datepicker/jquery.datetimepicker.min.css]
[mobirise.com/extensions/audiom4/assets/socicon/css/styles.css]
[mobirise.com/extensions/audiom4/assets/theme/css/style.css]
[mobirise.com/extensions/audiom4/assets/formoid-css/recaptcha.css]
[mobirise.com/extensions/audiom4/assets/mobirise/css/mbr-additional.css]
[mobirise.com/extensions/audiom4/band/banddemo.html]
[mobirise.com/extensions/audiom4/band/djdemo.html]
[mobirise.com/extensions/audiom4/band/singerdemo.html]
[mobirise.com/extensions/audiom4/band/features.html]
[mobirise.com/extensions/audiom4/band/tabs.html]
[mobirise.com/extensions/audiom4/band/images.html]
[mobirise.com/extensions/audiom4/band/forms.html]
[mobirise.com/extensions/audiom4/assets/images/01.jpg]
[mobirise.com/extensions/audiom4/assets/images/02.jpg]
[mobirise.com/extensions/audiom4/assets/images/background4.jpg]
[mobirise.com/extensions/audiom4/assets/images/background1.jpg]
[mobirise.com/extensions/audiom4/assets/images/background3.jpg]
[mobirise.com/extensions/audiom4/assets/images/03.jpg]
[mobirise.com/extensions/audiom4/assets/assets/jquery/jquery.min.js]
[mobirise.com/extensions/audiom4/assets/popper/popper.min.js]
[mobirise.com/extensions/audiom4/assets/tether/tether.min.js]
[mobirise.com/extensions/audiom4/assets/bootstrap/js/bootstrap.min.js]
[mobirise.com/extensions/audiom4/assets/dropdown/js/nav-dropdown.js]
[mobirise.com/extensions/audiom4/assets/dropdown/js/navbar-dropdown.js]
[mobirise.com/extensions/audiom4/assets/touchswipe/jquery.touch-swipe.min.js]
[mobirise.com/extensions/audiom4/assets/parallax/jarallax.min.js]
[mobirise.com/extensions/audiom4/assets/playervimeo/vimeo_player.js]
[mobirise.com/extensions/audiom4/assets/mbr-tabs/mbr-tabs.js]
[mobirise.com/extensions/audiom4/assets/mbr-popup-btns/mbr-popup-btns.js]
[mobirise.com/extensions/audiom4/assets/formstyler/jquery.formstyler.js]
[mobirise.com/extensions/audiom4/assets/formstyler/jquery.formstyler.min.js]
[mobirise.com/extensions/audiom4/assets/datepicker/jquery.datetimepicker.full.js]
[mobirise.com/extensions/audiom4/assets/ytplayer/jquery.mb.ytplayer.min.js]
[mobirise.com/extensions/audiom4/assets/vimeoplayer/jquery.mb.vimeo_player.js]
[mobirise.com/extensions/audiom4/assets/smoothscroll/smooth-scroll.js]
[mobirise.com/extensions/audiom4/assets/theme/js/script.js]
[mobirise.com/extensions/audiom4/assets/formoid/formoid.min.js]
[mobirise.com/extensions/audiom4/band/index.html]
[mobirise.com/extensions/audiom4/assets/assets/mobirise-icons/mobirise-icons.html]
[mobirise.com/extensions/audiom4/assets/assets/mobirise-icons2/mobirise2.html]
[mobirise.com/extensions/audiom4/assets/tether/tether.min.css]
[mobirise.com/extensions/audiom4/assets/bootstrap/css/bootstrap.min.css]
[mobirise.com/extensions/audiom4/assets/bootstrap/css/bootstrap-grid.min.css]
[mobirise.com/extensions/audiom4/assets/bootstrap/css/bootstrap-reboot.min.css]
[mobirise.com/extensions/audiom4/assets/dropdown/css/style.css]
[mobirise.com/extensions/audiom4/assets/formstyler/jquery.formstyler.css]
[mobirise.com/extensions/audiom4/assets/formstyler/jquery.formstyler.theme.css]
[mobirise.com/extensions/audiom4/assets/datepicker/jquery.datetimepicker.min.css]
[mobirise.com/extensions/audiom4/assets/socicon/css/styles.css]
[mobirise.com/extensions/audiom4/assets/theme/css/style.css]
[mobirise.com/extensions/audiom4/assets/formoid-css/recaptcha.css]
[mobirise.com/extensions/audiom4/assets/images/background40.jpg]
[mobirise.com/extensions/audiom4/assets/images/background21.jpg]
[mobirise.com/extensions/audiom4/assets/images/audiom4.jpg]
[mobirise.com/extensions/audiom4/assets/images/background32.jpg]
[mobirise.com/extensions/audiom4/assets/images/013.jpg]
[mobirise.com/extensions/audiom4/assets/images/background14.jpg]
[mobirise.com/extensions/audiom4/assets/images/035.jpg]
[mobirise.com/extensions/audiom4/assets/images/026.jpg]
[mobirise.com/extensions/audiom4/assets/images/background5.jpg]
[mobirise.com/extensions/audiom4/assets/images/background6.jpg]
[mobirise.com/extensions/audiom4/assets/mobirise/css/mbr-additional.css]
[www.googletagmanager.com/gtm5445.html]
[mobirise.com/extensions/audiom4/band/banddemo.html]
[mobirise.com/extensions/audiom4/band/djdemo.html]
[mobirise.com/extensions/audiom4/band/singerdemo.html]
[mobirise.com/extensions/audiom4/band/features.html]
[mobirise.com/extensions/audiom4/band/tabs.html]
[mobirise.com/extensions/audiom4/band/images.html]
[mobirise.com/extensions/audiom4/band/forms.html]
[mobirise.com/extensions/audiom4/assets/assets/jquery/jquery.min.html]
